/* Patch addresses */
805fb4f0:Patch_SceneBuildPages
805ff1e0:Patch_SceneShowBasePages
80600810:Patch_MainMenuKind
80600ba4:Patch_SceneHasBackModel
80600db4:Patch_SceneGetBGM
80601044:Patch_SceneGetBGMGroup
808bc378:Patch_EventExplanationPage_Events
808bc47c:Patch_EventExplanationPage_vtable
806735a8:Patch_EventExplanationVolumeChange
808399b4:Patch_HudWatchReplayCase
808399fc:Patch_QuitReplayCase
80838bec:Patch_ChangeMissionCase
80628468:Patch_WiiWheelOnlyPage
80632c0c:Patch_LicenseSelect
806350ac:Patch_LicenseSettingsBack
805f1354:Patch_BGUnloadSoundFix

80835dac:Patch_ControlKindCheck_RaceFinishReset
80834f2c:Patch_ControlKindCheck_onPause
80838434:Patch_ControlKindCheck_PauseUpdate
8052b2c8:Patch_SetupReplayInputCall
8051d3ac:Patch_ReplayRearview
8052fa40:Patch_NoRandomFinishTime
8070a9a4:Patch_ResultMusic

806653e8:Patch_Nwc24DlManager_init
80665174:Patch_Nwc24DlManager_CheckForCompetition
80665300:Patch_Nwc24DlManager_GetCompetitionText
8066ede4:Patch_Nwc24DlManager_GetLdbTimeRank
8066f22c:Patch_Nwc24DlManager_InsertTimeInLdb
8066ef50:Patch_Nwc24DlManager_GetLdbEntry
8085b9ec:Patch_SaveTournamentGhost


801a158c:DCFlushRange
801a2530:OSReport
801aac08:OSSleepTicks
80010ecc:sprintf
80010dd8:snprintf
800206f4:strlen
8001273c:strcmp
80006038:memset
8000e690:memmove
80005f34:memcpy

800208f0:__ptmf_scall
80020494:__construct_array
8002058c:__destroy_arr
800207d8:__register_global_object

80020a30:_savegpr_23
80020a34:_savegpr_24
80020a38:_savegpr_25
80020a3c:_savegpr_26
80020a40:_savegpr_27
80020a44:_savegpr_28
80020a48:_savegpr_29
80020a4c:_savegpr_30
80020a50:_savegpr_31

80020a7c:_restgpr_23
80020a80:_restgpr_24
80020a84:_restgpr_25
80020a88:_restgpr_26
80020a8c:_restgpr_27
80020a90:_restgpr_28
80020a94:_restgpr_29
80020a98:_restgpr_30
80020a9c:_restgpr_31

/* EGG alloc functions */
80229a48:__nw__FUl
80229a6c:__nwa__FUl
80229a90:__dl__FPv
80229b5c:__dla__FPv

/* NAND */
8019b39c:NANDCreate
8019c760:NANDOpen
8019c9e0:NANDClose
8019b704:NANDRead
8019b7e4:NANDWrite
8019b8c4:NANDSeek
8019beac:NANDGetLength
8019e36c:NANDGetHomeDir

/* IPC */
80193858:IOS_Open
80193a38:IOS_Close
80193be0:IOS_Read
80193de8:IOS_Write
80193fd0:IOS_Seek
801941f0:IOS_Ioctl
80194540:IOS_Ioctlv

/* Misc */
8081b768:msgIdForCourse__Fi

8054f444:__ct__6RandomFv
8054f518:__dt__6RandomFv
8054f558:next__6RandomFv
8054f5ac:nextLimited__6RandomFi

809b8f68:sInstance__7MenuSet
8052a1e0:setupNextRaceInput__Q27MenuSet11RaceSettingFPCQ27MenuSet11RaceSetting

809b8f88:sInstance__15SaveDataManager

80517dfc:__ct__9GhostDataFv
80517ec0:__dt__9GhostDataFv
8051860c:makeRKG__9GhostDataFPQ23RKG4File

/* UI stuff */
80604ba4:setNextScene__Q22UI8MenuDataFii
80604c30:startSceneTransition__Q22UI8MenuDataFiUl

805f1e54:buildPage__Q22UI5SceneFl
805f1eec:showPageOnTop__Q22UI5SceneFl

805b62e4:getSelectDelay__Q22UI10PushButtonFv
805ddba8:startTransitionOut__Q22UI6UIPageFQ32UI6UIPage13TransitionDirf

809bd508:MenuDataInstance__2UI


80609668:__ct__Q22UI15TitleScreenPageFv

809bdb60:SceneBGMControllerInstance__2UI
806f40fc:enableBGMPersist__Q22UI18SceneBGMControllerFv



/* UIPage and vtable stuff */
805dd09c:__ct__Q22UI6UIPageFv
805ddb7c:initControlGroup__Q22UI6UIPageFi
805ddb8c:insertControl__Q22UI6UIPageFiPQ22UI9UIControli
805dd180:init__Q22UI6UIPageFl

805d4094:__ct__Q22UI13PageEventBaseFv
805d40b8:__dt__Q22UI13PageEventBaseFv
805d5ed4:__ct__Q22UI18PageEventSelectionFv
805d6100:__dt__Q22UI18PageEventSelectionFv
805d62e0:setScreenWrapSetting__Q22UI18PageEventSelectionFi
805d62b0:configureEvent__Q22UI18PageEventSelectionFQ22UI10InputIndexPQ22UI9EventBaseUcUc

805ddb94:setEventController__Q22UI6UIPageFPQ22UI13PageEventBase

8060b400:getIndex__Q22UI22SomeAnimationContainerFi
8060b4fc:doSomething__Q22UI13SomeAnimationFif

8060c4a0:__dt__Q22UI15LayoutUIControlFv
805ba284:__ct__Q22UI7CtrlResFPQ22UI15LayoutUIControl
805ba2cc:readFile__Q22UI7CtrlResFPCcPCcPCcPPCc

805b5704:__ct__Q22UI10PushButtonFv
805b580c:__dt__Q22UI10PushButtonFv
805b5874:readLayout__Q22UI10PushButtonFPCcPCcPCciib
805b5e24:setSelectEvent__Q22UI10PushButtonFPQ22UI9EventBasei
805b5e3c:setFreeToSelectEvent__Q22UI10PushButtonFPQ22UI9EventBase
805b5e4c:setSelected__Q22UI10PushButtonFi
805b5ea0:freeToSelect__Q22UI10PushButtonFi

8060502c:__ct__Q22UI18SheetSelectControlFv
806051e4:__dt__Q22UI18SheetSelectControlFv
80605288:readLayout__Q22UI18SheetSelectControlFPCcPCcPCcPCcPCciib
806053cc:setEnabledArrows__Q22UI18SheetSelectControlFbb

805dd124:__dt__Q22UI6UIPageFv
805b569c:_C__Q22UI6UIPageFv
805b56b8:getNextPageID__Q22UI6UIPageFv
805b5694:_14__Q22UI6UIPageFv
805b568c:_18__Q22UI6UIPageFv
805ddbd0:startSceneTransition__Q22UI6UIPageFiQ32UI6UIPage13TransitionDirf
805ddc50:_20__Q22UI6UIPageFv
805ddcd0:showNextPage__Q22UI6UIPageFii
805dd1f8:onInit__Q22UI6UIPageFv
805b5688:onDeinit__Q22UI6UIPageFv
805bf8d8:onShow__Q22UI6UIPageFv
805b5684:onHide__Q22UI6UIPageFv
805b5680:_38__Q22UI6UIPageFv
805b567c:_3C__Q22UI6UIPageFv
805b5678:_40__Q22UI6UIPageFv
805b5674:_44__Q22UI6UIPageFv
805b5670:_48__Q22UI6UIPageFv
805B919C:_4C__Q22UI6UIPageFv
805B566C:calc__Q22UI6UIPageFv
805B5668:onReturn__Q22UI6UIPageFv
805B5664:_58__Q22UI6UIPageFv
805B5660:_5C__Q22UI6UIPageFv
805B7420:getTypeInfo__Q22UI6UIPageFv
809bd488:sTypeInfo__Q22UI6UIPage


8060ba4c:__ct__Q22UI9UIControlFv
8060c378:__ct__Q22UI15LayoutUIControlFv
8060c89c:setPaneText__Q22UI15LayoutUIControlFPCciPQ32UI7MesgRes11FormatParam
8060c994:setAllText__Q22UI15LayoutUIControlFiPQ32UI7MesgRes11FormatParam
8060ccd0:setTexture__Q22UI15LayoutUIControlFPCcPCc

808d51fc:__vt__Q22UI18CtrlMenuBackButton
808413a4:initLayout__Q22UI21CtrlMenuPageTitleTextFi
808d5184:__vt__Q22UI21CtrlMenuPageTitleText


80837214:__ct__Q22UI12RaceMenuPageFv
805f3c84:__dt__Q22UI12RaceMenuPageFv
80601560:getNextPageID__Q22UI12RaceMenuPageFv
808372d0:onInit__Q22UI12RaceMenuPageFv
80838514:onDeinit__Q22UI12RaceMenuPageFv
80837f9c:onShow__Q22UI12RaceMenuPageFv
80838510:onHide__Q22UI12RaceMenuPageFv
808384a0:_38__Q22UI12RaceMenuPageFv
808384a4:_40__Q22UI12RaceMenuPageFv
80838408:_4C__Q22UI12RaceMenuPageFv
8083a2c8:getTypeInfo__Q22UI12RaceMenuPageFv
809bfdc8:sTypeInfo__Q22UI12RaceMenuPage
80601558:setNextPageID__Q22UI12RaceMenuPageFi

808da710:__vt__Q22UI11RaceHudPage
808b2d44:__vt__Q32UI11RaceHudPage13UnknownMember
805f38b0:__dt__Q22UI11RaceHudPageFv
805d476c:__ct__Q22UI12PageEventHudFv
809bfd80:sTypeInfo__Q22UI11RaceHudPage

8060265c:getNextPageID__Q22UI11RaceHudPageFv
80836fa4:_20__Q22UI11RaceHudPageFv
808347e8:onInit__Q22UI11RaceHudPageFv
80836f94:onDeinit__Q22UI11RaceHudPageFv
80836f88:onHide__Q22UI11RaceHudPageFv
8083525c:_48__Q22UI11RaceHudPageFv
80835a28:_4C__Q22UI11RaceHudPageFv
80602e90:_6C__Q22UI11RaceHudPageFv
80834f2c:onPause__Q22UI11RaceHudPageFv
80835844:isRaceEnded__Q22UI11RaceHudPageFi
8083591c:_78__Q22UI11RaceHudPageFv
8083589c:_7C__Q22UI11RaceHudPageFv

8061ebe8:configMessage__Q22UI19MessageYesNoBoxPageFiPQ32UI7MesgRes11FormatParam
8061ebf0:configOption__Q22UI19MessageYesNoBoxPageFiiPQ32UI7MesgRes11FormatParamiPQ22UI9EventBase
809bd5dc:sTypeInfo__Q22UI19MessageYesNoBoxPage

805D83A4:getIndexFromMid__Q22UI7MesgResCFi
805D840C:getTextFromIndex__Q22UI7MesgResCFi

/* EGG */
80241f98:__ct__Q23EGG10TaskThreadFiiUl
80241e18:__dt__Q23EGG10TaskThreadFv
80241a2c:create__Q23EGG10TaskThreadFiiUlPQ23EGG4Heap
80241d5c:request__Q23EGG10TaskThreadFPFPv_vPvPv
80241ddc:isTaskExist__Q23EGG10TaskThreadCFv

802222bc:__ct__Q23EGG7DvdFileFv
80222300:__dt__Q23EGG7DvdFileFv

80222448:open__Q23EGG7DvdFileFPCc
802224fc:readData__Q23EGG7DvdFileFPvll
80222630:getFileSize__Q23EGG7DvdFileCFv

/* Other */
80381570:diResNameStr