/* Patch addresses */
8062c3c0:Patch_SceneBuildPages
806300b0:Patch_SceneShowBasePages
806316c4:Patch_MainMenuKind
80631a58:Patch_SceneHasBackModel
80631c68:Patch_SceneGetBGM
80631ef8:Patch_SceneGetBGMGroup
808c0998:Patch_EventExplanationPage_Events
808c0a9c:Patch_EventExplanationPage_vtable
80665958:Patch_EventExplanationVolumeChange
8085b444:Patch_HudWatchReplayCase
8085b48c:Patch_QuitReplayCase
8085a67c:Patch_ChangeMissionCase
805d1e00:Patch_WiiWheelOnlyPage
805eb934:Patch_LicenseSelect

8085783c:Patch_ControlKindCheck_RaceFinishReset
808569bc:Patch_ControlKindCheck_onPause
80859ec4:Patch_ControlKindCheck_PauseUpdate
8052fe10:Patch_SetupReplayInputCall
80521820:Patch_ReplayRearview
80534588:Patch_NoRandomFinishTime
80712448:Patch_ResultMusic

8066cb4c:Patch_Nwc24DlManager_init
8066c8d8:Patch_Nwc24DlManager_CheckForCompetition
8066ca64:Patch_Nwc24DlManager_GetCompetitionText
80676548:Patch_Nwc24DlManager_GetLdbTimeRank
80676990:Patch_Nwc24DlManager_InsertTimeInLdb
806766b4:Patch_Nwc24DlManager_GetLdbEntry
8085e07c:Patch_SaveTournamentGhost


801a162c:DCFlushRange
801a25d0:OSReport
801aaca8:OSSleepTicks
80011a2c:sprintf
80011938:snprintf
80021254:strlen
8001329c:strcmp
80006038:memset
8000f1f0:memmove
80005f34:memcpy

80021450:__ptmf_scall
80020ff4:__construct_array
800210ec:__destroy_arr
80021338:__register_global_object

80021594:_savegpr_24
80021598:_savegpr_25
800215e0:_restgpr_24
800215e4:_restgpr_25

/* EGG alloc functions */
80229dcc:__nw__FUl
80229df0:__nwa__FUl
80229e14:__dl__FPv
80229ee0:__dla__FPv

/* NAND */
8019b43c:NANDCreate
8019c800:NANDOpen
8019ca80:NANDClose
8019b7a4:NANDRead
8019b884:NANDWrite
8019b964:NANDSeek
8019bf4c:NANDGetLength
8019e40c:NANDGetHomeDir

/* IPC */
801938f8:IOS_Open
80193ad8:IOS_Close
80193c80:IOS_Read
80193e88:IOS_Write
80194070:IOS_Seek
80194290:IOS_Ioctl
801945e0:IOS_Ioctlv

/* Misc */
80833668:msgIdForCourse__Fi

80555464:__ct__6RandomFv
80555538:__dt__6RandomFv
80555578:next__6RandomFv
805555cc:nextLimited__6RandomFi

809bd728:sInstance__7MenuSet
8052ed28:setupNextRaceInput__Q27MenuSet11RaceSettingFPCQ27MenuSet11RaceSetting

809bd748:sInstance__15SaveDataManager

8051C270:__ct__9GhostDataFv
8051C334:__dt__9GhostDataFv
8051CA80:makeRKG__9GhostDataFPQ23RKG4File

/* UI stuff */
80635a3c:setNextScene__Q22UI8MenuDataFii
80635ac8:startSceneTransition__Q22UI8MenuDataFiUl

80622d08:buildPage__Q22UI5SceneFl
80622da0:showPageOnTop__Q22UI5SceneFl

805BDF88:getSelectDelay__Q22UI10PushButtonFv
80602488:startTransitionOut__Q22UI6UIPageFQ32UI6UIPage13TransitionDirf

809c1e38:MenuDataInstance__2UI


8063aa08:__ct__Q22UI15TitleScreenPageFv



/* UIPage and vtable stuff */
8060197c:__ct__Q22UI6UIPageFv
8060245c:initControlGroup__Q22UI6UIPageFi
8060246c:registerControl__Q22UI6UIPageFiPQ22UI9UIControli
80601a60:init__Q22UI6UIPageFl

805eeb68:__ct__Q22UI13PageEventBaseFv
805eeb8c:__dt__Q22UI13PageEventBaseFv
805f09a8:__ct__Q22UI18PageEventSelectionFv
805F0BD4:__dt__Q22UI18PageEventSelectionFv
805f0db4:setScreenWrapSetting__Q22UI18PageEventSelectionFi
805f0d84:configureEvent__Q22UI18PageEventSelectionFQ22UI10InputIndexPQ22UI9EventBaseUcUc

80602474:setEventController__Q22UI6UIPageFPQ22UI13PageEventBase

8063c820:getIndex__Q22UI22SomeAnimationContainerFi
8063c91c:doSomething__Q22UI13SomeAnimationFif

8063d8c0:__dt__Q22UI15LayoutUIControlFv
805c2c18:__ct__Q22UI7CtrlResFPQ22UI15LayoutUIControl
805c2c60:readFile__Q22UI7CtrlResFPCcPCcPCcPPCc

805bd3a8:__ct__Q22UI10PushButtonFv
805bd4b0:__dt__Q22UI10PushButtonFv
805bd518:readLayout__Q22UI10PushButtonFPCcPCcPCciib
805bdac8:setSelectEvent__Q22UI10PushButtonFPQ22UI9EventBasei
805bdae0:setHighlightEvent__Q22UI10PushButtonFPQ22UI9EventBase
805bdaf0:setHighlighted__Q22UI10PushButtonFi
805bdb44:somethingHighlightRelated__Q22UI10PushButtonFi

80635ec4:__ct__Q22UI18SheetSelectControlFv
8063607c:__dt__Q22UI18SheetSelectControlFv
80636120:readLayout__Q22UI18SheetSelectControlFPCcPCcPCcPCcPCciib
80636264:setEnabledArrows__Q22UI18SheetSelectControlFbb

80601a04:__dt__Q22UI6UIPageFv
805bb25c:_C__Q22UI6UIPageFv
805BB278:getNextPageID__Q22UI6UIPageFv
805BB254:_14__Q22UI6UIPageFv
805BB24C:_18__Q22UI6UIPageFv
806024B0:startSceneTransition__Q22UI6UIPageFfiQ32UI6UIPage13TransitionDir
80602530:_20__Q22UI6UIPageFv
806025B0:showNextPage__Q22UI6UIPageFii
80601AD8:initInternal__Q22UI6UIPageFv
805BB248:deinit__Q22UI6UIPageFv
805C9888:onShow__Q22UI6UIPageFv
805BB244:onHide__Q22UI6UIPageFv
805BB240:_38__Q22UI6UIPageFv
805BB23C:_3C__Q22UI6UIPageFv
805BB238:_40__Q22UI6UIPageFv
805BB234:_44__Q22UI6UIPageFv
805BB230:_48__Q22UI6UIPageFv
805BF2D8:_4C__Q22UI6UIPageFv
805BB22C:calc__Q22UI6UIPageFv
805BB228:resume__Q22UI6UIPageFv
805BB224:_58__Q22UI6UIPageFv
805BB220:_5C__Q22UI6UIPageFv
805BED68:getTypeInfo__Q22UI6UIPageFv
809c1d10:sTypeInfo__Q22UI6UIPage


8063ce6c:__ct__Q22UI9UIControlFv
8063d798:__ct__Q22UI15LayoutUIControlFv
8063dcbc:setPaneText__Q22UI15LayoutUIControlFPCciPQ32UI7MesgRes11FormatParam
8063ddb4:setAllText__Q22UI15LayoutUIControlFiPQ32UI7MesgRes11FormatParam
8063e0f0:setTexture__Q22UI15LayoutUIControlFPCcPCc

808d374c:__vt__Q22UI18CtrlMenuBackButton
807e947c:initLayout__Q22UI21CtrlMenuPageTitleTextFi
808d36d4:__vt__Q22UI21CtrlMenuPageTitleText


80858ca4:__ct__Q22UI12RaceMenuPageFv
80624b38:__dt__Q22UI12RaceMenuPageFv
80632414:getNextPageID__Q22UI12RaceMenuPageFv
80858d60:initInternal__Q22UI12RaceMenuPageFv
80859fa4:deinit__Q22UI12RaceMenuPageFv
80859a2c:onShow__Q22UI12RaceMenuPageFv
80859fa0:onHide__Q22UI12RaceMenuPageFv
80859f30:_38__Q22UI12RaceMenuPageFv
80859f34:_40__Q22UI12RaceMenuPageFv
80859e98:_4C__Q22UI12RaceMenuPageFv
8085bd58:getTypeInfo__Q22UI12RaceMenuPageFv
809c4688:sTypeInfo__Q22UI12RaceMenuPage
8063240c:setNextPageID__Q22UI12RaceMenuPageFi

808d4250:__vt__Q22UI11RaceHudPage
808ae694:__vt__Q32UI11RaceHudPage13UnknownMember
80624764:__dt__Q22UI11RaceHudPageFv
805ef240:__ct__Q22UI12PageEventHudFv
809c4640:sTypeInfo__Q22UI11RaceHudPage

80633510:getNextPageID__Q22UI11RaceHudPageFv
80858A34:_20__Q22UI11RaceHudPageFv
80856278:initInternal__Q22UI11RaceHudPageFv
80858A24:deinit__Q22UI11RaceHudPageFv
80858A18:onHide__Q22UI11RaceHudPageFv
80856CEC:_48__Q22UI11RaceHudPageFv
808574B8:_4C__Q22UI11RaceHudPageFv
80633D44:_6C__Q22UI11RaceHudPageFv
808569BC:onPause__Q22UI11RaceHudPageFv
808572D4:isRaceEnded__Q22UI11RaceHudPageFi
808573AC:_78__Q22UI11RaceHudPageFv
8085732C:_7C__Q22UI11RaceHudPageFv

806525fc:configMessage__Q22UI19MessageYesNoBoxPageFiPQ32UI7MesgRes11FormatParam
80652604:configOption__Q22UI19MessageYesNoBoxPageFiiPQ32UI7MesgRes11FormatParamiPQ22UI9EventBase
809c1f34:sTypeInfo__Q22UI19MessageYesNoBoxPage

805F8C88:getIndexFromMid__Q22UI7MesgResCFi
805F8CF0:getTextFromIndex__Q22UI7MesgResCFi

/* EGG */
80242e54:__ct__Q23EGG10TaskThreadFiiUl
80242cd4:__dt__Q23EGG10TaskThreadFv
802428e8:create__Q23EGG10TaskThreadFiiUlPQ23EGG4Heap
80242c18:request__Q23EGG10TaskThreadFPFPv_vPvPv
80242c98:isTaskExist__Q23EGG10TaskThreadCFv

8022235c:__ct__Q23EGG7DvdFileFv
802223a0:__dt__Q23EGG7DvdFileFv

802224e8:open__Q23EGG7DvdFileFPCc
8022259c:readData__Q23EGG7DvdFileFPvll
802226d0:getFileSize__Q23EGG7DvdFileCFv

/* Other */
803858F0:diResNameStr